[INFO] Scanning for projects...
[INFO] 
[INFO] ---------------------< com.submeter:submeter-api >----------------------
[INFO] Building SubMeter API 0.1.0-SNAPSHOT
[INFO]   from pom.xml
[INFO] --------------------------------[ jar ]---------------------------------
[INFO] 
[INFO] --- resources:3.3.1:resources (default-resources) @ submeter-api ---
[INFO] Copying 2 resources from src\main\resources to target\classes
[INFO] Copying 4 resources from src\main\resources to target\classes
[INFO] 
[INFO] --- compiler:3.13.0:compile (default-compile) @ submeter-api ---
[INFO] Recompiling the module because of changed source code.
[INFO] Compiling 45 source files with javac [debug parameters release 17] to target\classes
[INFO] 
[INFO] --- resources:3.3.1:testResources (default-testResources) @ submeter-api ---
[INFO] Copying 1 resource from src\test\resources to target\test-classes
[INFO] 
[INFO] --- compiler:3.13.0:testCompile (default-testCompile) @ submeter-api ---
[INFO] Recompiling the module because of changed dependency.
[INFO] Compiling 1 source file with javac [debug parameters release 17] to target\test-classes
[INFO] /D:/submeter/backend/src/test/java/com/submeter/auth/AuthIntegrationTest.java: D:\submeter\backend\src\test\java\com\submeter\auth\AuthIntegrationTest.java uses unchecked or unsafe operations.
[INFO] /D:/submeter/backend/src/test/java/com/submeter/auth/AuthIntegrationTest.java: Recompile with -Xlint:unchecked for details.
[INFO] Some messages have been simplified; recompile with -Xdiags:verbose to get full output
[INFO] -------------------------------------------------------------
[ERROR] COMPILATION ERROR : 
[INFO] -------------------------------------------------------------
[ERROR] /D:/submeter/backend/src/test/java/com/submeter/auth/AuthIntegrationTest.java:[137,38] incompatible types: java.lang.String cannot be converted to capture#1 of ?
[ERROR] /D:/submeter/backend/src/test/java/com/submeter/auth/AuthIntegrationTest.java:[138,38] incompatible types: java.lang.String cannot be converted to capture#2 of ?
[ERROR] /D:/submeter/backend/src/test/java/com/submeter/auth/AuthIntegrationTest.java:[140,44] incompatible types: java.lang.String cannot be converted to capture#3 of ?
[ERROR] /D:/submeter/backend/src/test/java/com/submeter/auth/AuthIntegrationTest.java:[141,44] incompatible types: java.lang.String cannot be converted to capture#4 of ?
[ERROR] /D:/submeter/backend/src/test/java/com/submeter/auth/AuthIntegrationTest.java:[230,38] incompatible types: java.lang.String cannot be converted to capture#5 of ?
[INFO] 5 errors 
[INFO] -------------------------------------------------------------
[INFO] ------------------------------------------------------------------------
[INFO] BUILD FAILURE
[INFO] ------------------------------------------------------------------------
[INFO] Total time:  4.050 s
[INFO] Finished at: 2026-07-14T16:18:57+05:30
[INFO] ------------------------------------------------------------------------
[ERROR] Failed to execute goal org.apache.maven.plugins:maven-compiler-plugin:3.13.0:testCompile (default-testCompile) on project submeter-api: Compilation failure: Compilation failure: 
[ERROR] /D:/submeter/backend/src/test/java/com/submeter/auth/AuthIntegrationTest.java:[137,38] incompatible types: java.lang.String cannot be converted to capture#1 of ?
[ERROR] /D:/submeter/backend/src/test/java/com/submeter/auth/AuthIntegrationTest.java:[138,38] incompatible types: java.lang.String cannot be converted to capture#2 of ?
[ERROR] /D:/submeter/backend/src/test/java/com/submeter/auth/AuthIntegrationTest.java:[140,44] incompatible types: java.lang.String cannot be converted to capture#3 of ?
[ERROR] /D:/submeter/backend/src/test/java/com/submeter/auth/AuthIntegrationTest.java:[141,44] incompatible types: java.lang.String cannot be converted to capture#4 of ?
[ERROR] /D:/submeter/backend/src/test/java/com/submeter/auth/AuthIntegrationTest.java:[230,38] incompatible types: java.lang.String cannot be converted to capture#5 of ?
[ERROR] -> [Help 1]
[ERROR] 
[ERROR] To see the full stack trace of the errors, re-run Maven with the -e switch.
[ERROR] Re-run Maven using the -X switch to enable full debug logging.
[ERROR] 
[ERROR] For more information about the errors and possible solutions, please read the following articles:
[ERROR] [Help 1] http://cwiki.apache.org/confluence/display/MAVEN/MojoFailureException
